LOAD 'pgx_lower.so';
NOTICE:  Installing custom executor hook...
SELECT 'hello';
NOTICE:  Custom executor is being executed in C! Ahah!
NOTICE:  Calling C++ executor from C...
NOTICE:  Inside C++ executor! Plan type: 1
NOTICE:  Query text: SELECT 'hello';
 ?column? 
----------
 hello
(1 row)

