LOAD 'pgx_lower.so';
NOTICE:  Installing custom executor hook...
NOTICE:  Registering custom sigsegv handler!
SET client_min_messages TO WARNING;
DROP TABLE IF EXISTS test;
CREATE TABLE test(id SERIAL);
-- Insert values 1 through 5000
INSERT INTO test(id)
SELECT generate_series(1, 1000000);
SELECT COUNT(*) FROM test;
ERROR:  Agg not yet implemented
CONTEXT:  parallel worker
