LOAD 'pgx_lower.so';
NOTICE:  Installing custom executor hook...
NOTICE:  Registering custom sigsegv handler!
SET client_min_messages TO WARNING;
DROP TABLE IF EXISTS test;
CREATE TABLE test (
    id SERIAL PRIMARY KEY,
    col2 INTEGER
);
INSERT INTO test(col2)
SELECT generate_series(1, 100);
SELECT * FROM test LIMIT 5;
 id | col2 
----+------
  1 |    1
  2 |    2
  3 |    3
  4 |    4
  5 |    5
(5 rows)

